// Jest Snapshot v1, https://goo.gl/fbAQLP

exports[`testing ModalWindow component should match a snapshot in ModalWindow component 1`] = `
<div
  className="sc-dmyCSP"
/>
`;
