// Jest Snapshot v1, https://goo.gl/fbAQLP

exports[`testing App component renders correctly ModalWindow component 1`] = `
<div
  className="sc-dmyCSP"
/>
`;
